[    0.000000] Initializing cgroup subsys cpuset
[    0.000000] Initializing cgroup subsys cpu
[    0.000000] Initializing cgroup subsys cpuacct
[    0.000000] Linux version 4.4.0-66-generic (buildd@lgw01-28) (gcc version 5.4.0 20160609 (Ubuntu 5.4.0-6ubuntu1~16.04.4) ) #87-Ubuntu SMP Fri Mar 3 15:29:05 UTC 2017 (Ubuntu 4.4.0-66.87-generic 4.4.44)
[    0.000000] Command line: BOOT_IMAGE=/boot/vmlinuz-4.4.0-66-generic root=LABEL=cloudimg-rootfs ro console=tty1 console=ttyS0
[    0.000000] KERNEL supported cpus:
[    0.000000]   Intel GenuineIntel
[    0.000000]   AMD AuthenticAMD
[    0.000000]   Centaur CentaurHauls
[    0.000000] x86/fpu: xstate_offset[2]:  576, xstate_sizes[2]:  256
[    0.000000] x86/fpu: Supporting XSAVE feature 0x01: 'x87 floating point registers'
[    0.000000] x86/fpu: Supporting XSAVE feature 0x02: 'SSE registers'
[    0.000000] x86/fpu: Supporting XSAVE feature 0x04: 'AVX registers'
[    0.000000] x86/fpu: Enabled xstate features 0x7, context size is 832 bytes, using 'standard' format.
[    0.000000] x86/fpu: Using 'lazy' FPU context switches.
[    0.000000] e820: BIOS-provided physical RAM map:
[    0.000000] BIOS-e820: [mem 0x0000000000000000-0x000000000009fbff] usable
[    0.000000] BIOS-e820: [mem 0x000000000009fc00-0x000000000009ffff] reserved
[    0.000000] BIOS-e820: [mem 0x00000000000f0000-0x00000000000fffff] reserved
[    0.000000] BIOS-e820: [mem 0x0000000000100000-0x00000000dffeffff] usable
[    0.000000] BIOS-e820: [mem 0x00000000dfff0000-0x00000000dfffffff] ACPI data
[    0.000000] BIOS-e820: [mem 0x00000000fec00000-0x00000000fec00fff] reserved
[    0.000000] BIOS-e820: [mem 0x00000000fee00000-0x00000000fee00fff] reserved
[    0.000000] BIOS-e820: [mem 0x00000000fffc0000-0x00000000ffffffff] reserved
[    0.000000] BIOS-e820: [mem 0x0000000100000000-0x000000011fffffff] usable
[    0.000000] NX (Execute Disable) protection: active
[    0.000000] SMBIOS 2.5 present.
[    0.000000] Hypervisor detected: KVM
[    0.000000] e820: last_pfn = 0x120000 max_arch_pfn = 0x400000000
[    0.000000] MTRR: Disabled
[    0.000000] x86/PAT: MTRRs disabled, skipping PAT initialization too.
[    0.000000] x86/PAT: Configuration [0-7]: WB  WT  UC- UC  WB  WT  UC- UC  
[    0.000000] CPU MTRRs all blank - virtualized system.
[    0.000000] e820: last_pfn = 0xdfff0 max_arch_pfn = 0x400000000
[    0.000000] found SMP MP-table at [mem 0x0009fff0-0x0009ffff] mapped at [ffff88000009fff0]
[    0.000000] Scanning 1 areas for low memory corruption
[    0.000000] RAMDISK: [mem 0x36ac8000-0x3755bfff]
[    0.000000] ACPI: Early table checksum verification disabled
[    0.000000] ACPI: RSDP 0x00000000000E0000 000024 (v02 VBOX  )
[    0.000000] ACPI: XSDT 0x00000000DFFF0030 00003C (v01 VBOX   VBOXXSDT 00000001 ASL  00000061)
[    0.000000] ACPI: FACP 0x00000000DFFF00F0 0000F4 (v04 VBOX   VBOXFACP 00000001 ASL  00000061)
[    0.000000] ACPI: DSDT 0x00000000DFFF0480 00210F (v01 VBOX   VBOXBIOS 00000002 INTL 20100528)
[    0.000000] ACPI: FACS 0x00000000DFFF0200 000040
[    0.000000] ACPI: FACS 0x00000000DFFF0200 000040
[    0.000000] ACPI: APIC 0x00000000DFFF0240 00006C (v02 VBOX   VBOXAPIC 00000001 ASL  00000061)
[    0.000000] ACPI: SSDT 0x00000000DFFF02B0 0001CC (v01 VBOX   VBOXCPUT 00000002 INTL 20100528)
[    0.000000] No NUMA configuration found
[    0.000000] Faking a node at [mem 0x0000000000000000-0x000000011fffffff]
[    0.000000] NODE_DATA(0) allocated [mem 0x11fff7000-0x11fffbfff]
[    0.000000] kvm-clock: Using msrs 4b564d01 and 4b564d00
[    0.000000] kvm-clock: cpu 0, msr 1:1ffef001, primary cpu clock
[    0.000000] kvm-clock: using sched offset of 3187429534 cycles
[    0.000000] clocksource: kvm-clock: mask: 0xffffffffffffffff max_cycles: 0x1cd42e4dffb, max_idle_ns: 881590591483 ns
[    0.000000] Zone ranges:
[    0.000000]   DMA      [mem 0x0000000000001000-0x0000000000ffffff]
[    0.000000]   DMA32    [mem 0x0000000001000000-0x00000000ffffffff]
[    0.000000]   Normal   [mem 0x0000000100000000-0x000000011fffffff]
[    0.000000]   Device   empty
[    0.000000] Movable zone start for each node
[    0.000000] Early memory node ranges
[    0.000000]   node   0: [mem 0x0000000000001000-0x000000000009efff]
[    0.000000]   node   0: [mem 0x0000000000100000-0x00000000dffeffff]
[    0.000000]   node   0: [mem 0x0000000100000000-0x000000011fffffff]
[    0.000000] Initmem setup node 0 [mem 0x0000000000001000-0x000000011fffffff]
[    0.000000] ACPI: PM-Timer IO Port: 0x4008
[    0.000000] IOAPIC[0]: apic_id 4, version 32, address 0xfec00000, GSI 0-23
[    0.000000] ACPI: INT_SRC_OVR (bus 0 bus_irq 0 global_irq 2 dfl dfl)
[    0.000000] ACPI: INT_SRC_OVR (bus 0 bus_irq 9 global_irq 9 high level)
[    0.000000] Using ACPI (MADT) for SMP configuration information
[    0.000000] smpboot: Allowing 4 CPUs, 0 hotplug CPUs
[    0.000000] PM: Registered nosave memory: [mem 0x00000000-0x00000fff]
[    0.000000] PM: Registered nosave memory: [mem 0x0009f000-0x0009ffff]
[    0.000000] PM: Registered nosave memory: [mem 0x000a0000-0x000effff]
[    0.000000] PM: Registered nosave memory: [mem 0x000f0000-0x000fffff]
[    0.000000] PM: Registered nosave memory: [mem 0xdfff0000-0xdfffffff]
[    0.000000] PM: Registered nosave memory: [mem 0xe0000000-0xfebfffff]
[    0.000000] PM: Registered nosave memory: [mem 0xfec00000-0xfec00fff]
[    0.000000] PM: Registered nosave memory: [mem 0xfec01000-0xfedfffff]
[    0.000000] PM: Registered nosave memory: [mem 0xfee00000-0xfee00fff]
[    0.000000] PM: Registered nosave memory: [mem 0xfee01000-0xfffbffff]
[    0.000000] PM: Registered nosave memory: [mem 0xfffc0000-0xffffffff]
[    0.000000] e820: [mem 0xe0000000-0xfebfffff] available for PCI devices
[    0.000000] Booting paravirtualized kernel on KVM
[    0.000000] clocksource: refined-jiffies: mask: 0xffffffff max_cycles: 0xffffffff, max_idle_ns: 7645519600211568 ns
[    0.000000] setup_percpu: NR_CPUS:512 nr_cpumask_bits:512 nr_cpu_ids:4 nr_node_ids:1
[    0.000000] PERCPU: Embedded 33 pages/cpu @ffff88011fc00000 s98264 r8192 d28712 u524288
[    0.000000] PV qspinlock hash table entries: 256 (order: 0, 4096 bytes)
[    0.000000] Built 1 zonelists in Node order, mobility grouping on.  Total pages: 1032057
[    0.000000] Policy zone: Normal
[    0.000000] Kernel command line: BOOT_IMAGE=/boot/vmlinuz-4.4.0-66-generic root=LABEL=cloudimg-rootfs ro console=tty1 console=ttyS0
[    0.000000] PID hash table entries: 4096 (order: 3, 32768 bytes)
[    0.000000] Memory: 4031992K/4193848K available (8452K kernel code, 1293K rwdata, 3980K rodata, 1488K init, 1316K bss, 161856K reserved, 0K cma-reserved)
[    0.000000] SLUB: HWalign=64, Order=0-3, MinObjects=0, CPUs=4, Nodes=1
[    0.000000] Hierarchical RCU implementation.
[    0.000000] 	Build-time adjustment of leaf fanout to 64.
[    0.000000] 	RCU restricting CPUs from NR_CPUS=512 to nr_cpu_ids=4.
[    0.000000] RCU: Adjusting geometry for rcu_fanout_leaf=64, nr_cpu_ids=4
[    0.000000] NR_IRQS:33024 nr_irqs:456 16
[    0.000000] Console: colour VGA+ 80x25
[    0.000000] console [tty1] enabled
[    0.000000] console [ttyS0] enabled
[    0.000000] tsc: Detected 2700.000 MHz processor
[    0.889243] Calibrating delay loop (skipped) preset value.. 5400.00 BogoMIPS (lpj=10800000)
[    0.891189] pid_max: default: 32768 minimum: 301
[    0.893633] ACPI: Core revision 20150930
[    0.895681] ACPI: 2 ACPI AML tables successfully acquired and loaded
[    0.900452] Security Framework initialized
[    0.903093] Yama: becoming mindful.
[    0.913398] AppArmor: AppArmor initialized
[    0.916091] Dentry cache hash table entries: 524288 (order: 10, 4194304 bytes)
[    0.930476] Inode-cache hash table entries: 262144 (order: 9, 2097152 bytes)
[    0.938345] Mount-cache hash table entries: 8192 (order: 4, 65536 bytes)
[    0.964346] Mountpoint-cache hash table entries: 8192 (order: 4, 65536 bytes)
[    0.965953] Initializing cgroup subsys io
[    0.966883] Initializing cgroup subsys memory
[    0.967866] Initializing cgroup subsys devices
[    0.968893] Initializing cgroup subsys freezer
[    0.969884] Initializing cgroup subsys net_cls
[    0.976463] Initializing cgroup subsys perf_event
[    0.979633] Initializing cgroup subsys net_prio
[    0.991306] Initializing cgroup subsys hugetlb
[    0.992306] Initializing cgroup subsys pids
[    0.999024] CPU: Physical Processor ID: 0
[    1.001329] CPU: Processor Core ID: 0
[    1.003123] mce: CPU supports 0 MCE banks
[    1.009793] Last level iTLB entries: 4KB 64, 2MB 8, 4MB 8
[    1.010989] Last level dTLB entries: 4KB 64, 2MB 0, 4MB 0, 1GB 4
[    1.014532] Freeing SMP alternatives memory: 32K (ffffffff820b9000 - ffffffff820c1000)
[    1.049979] ftrace: allocating 32123 entries in 126 pages
[    1.097820] smpboot: APIC(0) Converting physical 0 to logical package 0
[    1.125020] smpboot: Max logical packages: 1
[    1.126243] x2apic enabled
[    1.127156] Switched APIC routing to physical x2apic.
[    1.129488] ..TIMER: vector=0x30 apic1=0 pin1=2 apic2=-1 pin2=-1
[    1.248993] smpboot: CPU0: Intel(R) Core(TM) i5-5257U CPU @ 2.70GHz (family: 0x6, model: 0x3d, stepping: 0x4)
[    1.281221] Performance Events: unsupported p6 CPU model 61 no PMU driver, software events only.
[    1.303227] KVM setup paravirtual spinlock
[    1.316201] x86: Booting SMP configuration:
[    1.338127] .... node  #0, CPUs:      #1
[    1.339236] kvm-clock: cpu 1, msr 1:1ffef041, secondary cpu clock
[    1.341322] mce: CPU supports 0 MCE banks
[    1.419949]  #2
[    1.420658] kvm-clock: cpu 2, msr 1:1ffef081, secondary cpu clock
[    1.422619] mce: CPU supports 0 MCE banks
[    1.434967]  #3
[    1.444176] kvm-clock: cpu 3, msr 1:1ffef0c1, secondary cpu clock
[    1.446386] mce: CPU supports 0 MCE banks
[    1.449192] x86: Booted up 1 node, 4 CPUs
[    1.453255] smpboot: Total of 4 processors activated (21600.00 BogoMIPS)
[    1.457273] devtmpfs: initialized
[    1.461358] evm: security.selinux
[    1.465229] evm: security.SMACK64
[    1.474729] evm: security.SMACK64EXEC
[    1.478226] evm: security.SMACK64TRANSMUTE
[    1.481259] evm: security.SMACK64MMAP
[    1.485617] evm: security.ima
[    1.494652] evm: security.capability
[    1.498556] clocksource: jiffies: mask: 0xffffffff max_cycles: 0xffffffff, max_idle_ns: 7645041785100000 ns
[    1.514692] pinctrl core: initialized pinctrl subsystem
[    1.532616] RTC time:  7:35:21, date: 03/15/17
[    1.545330] NET: Registered protocol family 16
[    1.557253] cpuidle: using governor ladder
[    1.577372] cpuidle: using governor menu
[    1.582912] PCCT header not found.
[    1.584190] ACPI: bus type PCI registered
[    1.586160] acpiphp: ACPI Hot Plug PCI Controller Driver version: 0.5
[    1.596624] PCI: Using configuration type 1 for base access
[    1.620025] ACPI: Added _OSI(Module Device)
[    1.621597] ACPI: Added _OSI(Processor Device)
[    1.627807] ACPI: Added _OSI(3.0 _SCP Extensions)
[    1.634696] ACPI: Added _OSI(Processor Aggregator Device)
[    1.659786] ACPI: Executed 1 blocks of module-level executable AML code
[    1.685529] ACPI: Interpreter enabled
[    1.689547] ACPI: (supports S0 S5)
[    1.693895] ACPI: Using IOAPIC for interrupt routing
[    1.702653] PCI: Using host bridge windows from ACPI; if necessary, use "pci=nocrs" and report a bug
[    1.732327] ACPI: PCI Root Bridge [PCI0] (domain 0000 [bus 00-ff])
[    1.746006] acpi PNP0A03:00: _OSC: OS supports [ASPM ClockPM Segments MSI]
[    1.773473] acpi PNP0A03:00: _OSC failed (AE_NOT_FOUND); disabling ASPM
[    1.781833] acpi PNP0A03:00: fail to add MMCONFIG information, can't access extended PCI configuration space under this bridge.
[    1.802505] PCI host bridge to bus 0000:00
[    1.809369] pci_bus 0000:00: root bus resource [io  0x0000-0x0cf7 window]
[    1.817349] pci_bus 0000:00: root bus resource [io  0x0d00-0xffff window]
[    1.824491] pci_bus 0000:00: root bus resource [mem 0x000a0000-0x000bffff window]
[    1.830421] pci_bus 0000:00: root bus resource [mem 0xe0000000-0xffdfffff window]
[    1.853887] pci_bus 0000:00: root bus resource [bus 00-ff]
[    1.866897] pci 0000:00:01.1: legacy IDE quirk: reg 0x10: [io  0x01f0-0x01f7]
[    1.881764] pci 0000:00:01.1: legacy IDE quirk: reg 0x14: [io  0x03f6]
[    1.899600] pci 0000:00:01.1: legacy IDE quirk: reg 0x18: [io  0x0170-0x0177]
[    1.912640] pci 0000:00:01.1: legacy IDE quirk: reg 0x1c: [io  0x0376]
[    2.064038] pci 0000:00:07.0: quirk: [io  0x4000-0x403f] claimed by PIIX4 ACPI
[    2.086501] pci 0000:00:07.0: quirk: [io  0x4100-0x410f] claimed by PIIX4 SMB
[    2.141722] ACPI: PCI Interrupt Link [LNKA] (IRQs 5 9 10 *11)
[    2.166832] ACPI: PCI Interrupt Link [LNKB] (IRQs 5 9 10 *11)
[    2.174236] ACPI: PCI Interrupt Link [LNKC] (IRQs 5 9 *10 11)
[    2.191366] ACPI: PCI Interrupt Link [LNKD] (IRQs 5 *9 10 11)
[    2.204658] ACPI: Enabled 2 GPEs in block 00 to 07
[    2.215054] vgaarb: setting as boot device: PCI:0000:00:02.0
[    2.226497] vgaarb: device added: PCI:0000:00:02.0,decodes=io+mem,owns=io+mem,locks=none
[    2.233246] vgaarb: loaded
[    2.235104] vgaarb: bridge control possible 0000:00:02.0
[    2.241275] SCSI subsystem initialized
[    2.250089] ACPI: bus type USB registered
[    2.263704] usbcore: registered new interface driver usbfs
[    2.270613] usbcore: registered new interface driver hub
[    2.272642] usbcore: registered new device driver usb
[    2.279725] PCI: Using ACPI for IRQ routing
[    2.293204] NetLabel: Initializing
[    2.301262] NetLabel:  domain hash size = 128
[    2.311172] NetLabel:  protocols = UNLABELED CIPSOv4
[    2.314806] NetLabel:  unlabeled traffic allowed by default
[    2.321225] amd_nb: Cannot enumerate AMD northbridges
[    2.335453] clocksource: Switched to clocksource kvm-clock
[    2.366659] AppArmor: AppArmor Filesystem Enabled
[    2.379495] pnp: PnP ACPI init
[    2.396367] pnp: PnP ACPI: found 3 devices
[    2.427077] clocksource: acpi_pm: mask: 0xffffff max_cycles: 0xffffff, max_idle_ns: 2085701024 ns
[    2.448213] NET: Registered protocol family 2
[    2.458510] TCP established hash table entries: 32768 (order: 6, 262144 bytes)
[    2.472199] TCP bind hash table entries: 32768 (order: 7, 524288 bytes)
[    2.476015] TCP: Hash tables configured (established 32768 bind 32768)
[    2.485927] UDP hash table entries: 2048 (order: 4, 65536 bytes)
[    2.489695] UDP-Lite hash table entries: 2048 (order: 4, 65536 bytes)
[    2.495920] NET: Registered protocol family 1
[    2.504268] pci 0000:00:00.0: Limiting direct PCI/PCI transfers
[    2.524261] pci 0000:00:01.0: Activating ISA DMA hang workarounds
[    2.536489] Trying to unpack rootfs image as initramfs...
[    4.726778] Freeing initrd memory: 10832K (ffff880036ac8000 - ffff88003755c000)
[    4.762562] PCI-DMA: Using software bounce buffering for IO (SWIOTLB)
[    4.838322] software IO TLB [mem 0xdbff0000-0xdfff0000] (64MB) mapped at [ffff8800dbff0000-ffff8800dffeffff]
[    4.973206] RAPL PMU detected, API unit is 2^-32 Joules, 4 fixed counters 10737418240 ms ovfl timer
[    5.050237] hw unit of domain pp0-core 2^-0 Joules
[    5.103394] hw unit of domain package 2^-0 Joules
[    5.119627] hw unit of domain dram 2^-0 Joules
[    5.120628] hw unit of domain pp1-gpu 2^-0 Joules
[    5.133943] platform rtc_cmos: registered platform RTC device (no PNP device found)
[    5.161516] Scanning for low memory corruption every 60 seconds
[    5.163563] futex hash table entries: 1024 (order: 4, 65536 bytes)
[    5.193778] audit: initializing netlink subsys (disabled)
[    5.194986] audit: type=2000 audit(1489563328.519:1): initialized
[    5.224660] Initialise system trusted keyring
[    5.247093] HugeTLB registered 2 MB page size, pre-allocated 0 pages
[    5.311175] zbud: loaded
[    5.314437] VFS: Disk quotas dquot_6.6.0
[    5.321148] VFS: Dquot-cache hash table entries: 512 (order 0, 4096 bytes)
[    5.356344] squashfs: version 4.0 (2009/01/31) Phillip Lougher
[    5.394271] fuse init (API version 7.23)
[    5.419073] Key type big_key registered
[    5.444425] Allocating IMA MOK and blacklist keyrings.
[    5.477455] Key type asymmetric registered
[    5.490202] Asymmetric key parser 'x509' registered
[    5.509929] Block layer SCSI generic (bsg) driver version 0.4 loaded (major 249)
[    5.524102] io scheduler noop registered
[    5.536312] io scheduler deadline registered (default)
[    5.548826] io scheduler cfq registered
[    5.550312] pci_hotplug: PCI Hot Plug PCI Core version: 0.5
[    5.569549] pciehp: PCI Express Hot Plug Controller Driver version: 0.4
[    5.589042] ACPI: AC Adapter [AC] (off-line)
[    5.591490] input: Power Button as /devices/LNXSYSTM:00/LNXPWRBN:00/input/input0
[    5.593330] ACPI: Power Button [PWRF]
[    5.596605] input: Sleep Button as /devices/LNXSYSTM:00/LNXSLPBN:00/input/input1
[    5.608063] ACPI: Sleep Button [SLPF]
[    5.616552] ACPI: Battery Slot [BAT0] (battery present)
[    5.621361] GHES: HEST is not enabled!
[    5.622458] Serial: 8250/16550 driver, 32 ports, IRQ sharing enabled
[    5.664290] 00:02: ttyS0 at I/O 0x3f8 (irq = 4, base_baud = 115200) is a 16550A
[    5.673827] Linux agpgart interface v0.103
[    5.694465] brd: module loaded
[    5.701952] loop: module loaded
[    5.710361] scsi host0: ata_piix
[    5.711467] scsi host1: ata_piix
[    5.721348] ata1: PATA max UDMA/33 cmd 0x1f0 ctl 0x3f6 bmdma 0xd000 irq 14
[    5.731199] ata2: PATA max UDMA/33 cmd 0x170 ctl 0x376 bmdma 0xd008 irq 15
[    5.748065] libphy: Fixed MDIO Bus: probed
[    5.750107] tun: Universal TUN/TAP device driver, 1.6
[    5.758402] tun: (C) 1999-2004 Max Krasnyansky <maxk@qualcomm.com>
[    5.773941] PPP generic driver version 2.4.2
[    5.788342] ehci_hcd: USB 2.0 'Enhanced' Host Controller (EHCI) Driver
[    5.799903] ehci-pci: EHCI PCI platform driver
[    5.803793] ehci-platform: EHCI generic platform driver
[    5.819083] ohci_hcd: USB 1.1 'Open' Host Controller (OHCI) Driver
[    5.825946] ohci-pci: OHCI PCI platform driver
[    5.826975] ohci-platform: OHCI generic platform driver
[    5.832661] uhci_hcd: USB Universal Host Controller Interface driver
[    5.840074] i8042: PNP: PS/2 Controller [PNP0303:PS2K,PNP0f03:PS2M] at 0x60,0x64 irq 1,12
[    5.847593] serio: i8042 KBD port at 0x60,0x64 irq 1
[    5.849660] serio: i8042 AUX port at 0x60,0x64 irq 12
[    5.853602] mousedev: PS/2 mouse device common for all mice
[    5.862510] input: AT Translated Set 2 keyboard as /devices/platform/i8042/serio0/input/input2
[    5.872105] rtc_cmos rtc_cmos: rtc core: registered rtc_cmos as rtc0
[    5.872186] rtc_cmos rtc_cmos: alarms up to one day, 114 bytes nvram
[    5.872201] i2c /dev entries driver
[    5.872277] device-mapper: uevent: version 1.0.3
[    5.872378] device-mapper: ioctl: 4.34.0-ioctl (2015-10-28) initialised: dm-devel@redhat.com
[    5.872403] ledtrig-cpu: registered to indicate activity on CPUs
[    5.873085] NET: Registered protocol family 10
[    5.873373] NET: Registered protocol family 17
[    5.873382] Key type dns_resolver registered
[    5.873683] microcode: CPU0 sig=0x306d4, pf=0x40, revision=0x0
[    5.877146] microcode: CPU1 sig=0x306d4, pf=0x40, revision=0x0
[    5.877191] microcode: CPU2 sig=0x306d4, pf=0x40, revision=0x0
[    5.877225] microcode: CPU3 sig=0x306d4, pf=0x40, revision=0x0
[    5.877301] microcode: Microcode Update Driver: v2.01 <tigran@aivazian.fsnet.co.uk>, Peter Oruba
[    5.877471] registered taskstats version 1
[    5.877486] Loading compiled-in X.509 certificates
[    5.878295] Loaded X.509 cert 'Build time autogenerated kernel key: 32ca4feee90b5cde51f5f8c0e024b22f8c679982'
[    5.878325] zswap: loaded using pool lzo/zbud
[    5.880825] Key type trusted registered
[    5.887827] Key type encrypted registered
[    5.887834] AppArmor: AppArmor sha1 policy hashing enabled
[    5.887837] ima: No TPM chip found, activating TPM-bypass!
[    5.887867] evm: HMAC attrs: 0x1
[    5.888490]   Magic number: 9:876:571
[    5.889508] rtc_cmos rtc_cmos: setting system clock to 2017-03-15 07:35:26 UTC (1489563326)
[    5.889726] BIOS EDD facility v0.16 2004-Jun-25, 0 devices found
[    5.889727] EDD information not available.
[    6.125329] Freeing unused kernel memory: 1488K (ffffffff81f45000 - ffffffff820b9000)
[    6.173128] Write protecting the kernel read-only data: 14336k
[    6.175900] tsc: Refined TSC clocksource calibration: 2700.595 MHz
[    6.175903] clocksource: tsc: mask: 0xffffffffffffffff max_cycles: 0x26ed70734d6, max_idle_ns: 440795295496 ns
[    6.255869] Freeing unused kernel memory: 1776K (ffff880001844000 - ffff880001a00000)
[    6.297529] Freeing unused kernel memory: 116K (ffff880001de3000 - ffff880001e00000)
Loading, please [    6.347247] random: systemd-udevd: uninitialized urandom read (16 bytes read, 3 bits of entropy available)
wait...
starting version 229
[    6.353897] random: udevadm: uninitialized urandom read (16 bytes read, 3 bits of entropy available)
[    6.353946] random: udevadm: uninitialized urandom read (16 bytes read, 3 bits of entropy available)
[    6.354284] random: udevadm: uninitialized urandom read (16 bytes read, 3 bits of entropy available)
[    6.354336] random: udevadm: uninitialized urandom read (16 bytes read, 3 bits of entropy available)
[    6.354545] random: udevadm: uninitialized urandom read (16 bytes read, 3 bits of entropy available)
[    6.354635] random: udevadm: uninitialized urandom read (16 bytes read, 3 bits of entropy available)
[    6.354701] random: udevadm: uninitialized urandom read (16 bytes read, 3 bits of entropy available)
[    6.354770] random: udevadm: uninitialized urandom read (16 bytes read, 3 bits of entropy available)
[    6.354873] random: udevadm: uninitialized urandom read (16 bytes read, 3 bits of entropy available)
[    6.674288] Fusion MPT base driver 3.04.20
[    6.806854] Copyright (c) 1999-2008 LSI Corporation
[    6.820895] e1000: Intel(R) PRO/1000 Network Driver - version 7.3.21-k8-NAPI
[    6.833066] e1000: Copyright (c) 1999-2006 Intel Corporation.
[    6.871097] Fusion MPT SPI Host driver 3.04.20
[    6.884483] AVX version of gcm_enc/dec engaged.
[    6.892437] AES CTR mode by8 optimization enabled
[    7.058621] input: ImExPS/2 Generic Explorer Mouse as /devices/platform/i8042/serio1/input/input4
[    7.267768] e1000 0000:00:03.0 eth0: (PCI:33MHz:32-bit) 02:43:fc:58:af:9d
[    7.289897] e1000 0000:00:03.0 eth0: Intel(R) PRO/1000 Network Connection
[    7.692990] e1000 0000:00:08.0 eth1: (PCI:33MHz:32-bit) 08:00:27:74:69:4a
[    7.700940] e1000 0000:00:08.0 eth1: Intel(R) PRO/1000 Network Connection
[    7.710307] e1000 0000:00:03.0 enp0s3: renamed from eth0
[    7.711765] mptbase: ioc0: Initiating bringup
[    7.732216] e1000 0000:00:08.0 enp0s8: renamed from eth1
[    7.813651] ioc0: LSI53C1030 A0: Capabilities={Initiator}
[    8.073467] scsi host2: ioc0: LSI53C1030 A0, FwRev=00000000h, Ports=1, MaxQ=256, IRQ=20
[    8.229709] scsi 2:0:0:0: Direct-Access     VBOX     HARDDISK         1.0  PQ: 0 ANSI: 5
[    8.262668] scsi target2:0:0: Beginning Domain Validation
[    8.267208] scsi target2:0:0: Domain Validation skipping write tests
[    8.293690] scsi target2:0:0: Ending Domain Validation
[    8.320597] scsi target2:0:0: asynchronous
[    8.343904] scsi 2:0:1:0: Direct-Access     VBOX     HARDDISK         1.0  PQ: 0 ANSI: 5
[    8.360171] scsi target2:0:1: Beginning Domain Validation
[    8.409041] scsi target2:0:1: Domain Validation skipping write tests
[    8.422579] scsi target2:0:1: Ending Domain Validation
[    8.439208] scsi target2:0:1: asynchronous
[    8.494071] sd 2:0:0:0: Attached scsi generic sg0 type 0
[    8.494120] sd 2:0:0:0: [sda] 20971520 512-byte logical blocks: (10.7 GB/10.0 GiB)
[    8.494323] sd 2:0:0:0: [sda] Write Protect is off
[    8.494431] sd 2:0:0:0: [sda] Incomplete mode parameter data
[    8.494432] sd 2:0:0:0: [sda] Assuming drive cache: write through
[    8.495578]  sda: sda1
[    8.496343] sd 2:0:0:0: [sda] Attached SCSI disk
[    8.729328] sd 2:0:1:0: [sdb] 20480 512-byte logical blocks: (10.5 MB/10.0 MiB)
[    8.729392] sd 2:0:1:0: Attached scsi generic sg1 type 0
[    8.821811] sd 2:0:1:0: [sdb] Write Protect is off
[    8.830179] sd 2:0:1:0: [sdb] Incomplete mode parameter data
[    8.878796] sd 2:0:1:0: [sdb] Assuming drive cache: write through
[    8.948642] sd 2:0:1:0: [sdb] Attached SCSI disk
[    9.723791] floppy0: no floppy controllers found
Begin: Loading e[   11.141981] md: linear personality registered for level -1
ssential drivers ... [   11.215762] md: multipath personality registered for level -4
[   11.238513] md: raid0 personality registered for level 0
[   11.313903] md: raid1 personality registered for level 1
[   11.447632] raid6: sse2x1   gen()  5722 MB/s
[   11.523814] raid6: sse2x1   xor()  3066 MB/s
[   11.607488] raid6: sse2x2   gen()  8982 MB/s
[   11.703466] raid6: sse2x2   xor()  6706 MB/s
[   11.803549] raid6: sse2x4   gen() 12461 MB/s
[   11.947421] raid6: sse2x4   xor()  8503 MB/s
[   12.000485] raid6: using algorithm sse2x4 gen() 12461 MB/s
[   12.096050] raid6: .... xor() 8503 MB/s, rmw enabled
[   12.156362] raid6: using ssse3x2 recovery algorithm
[   12.220955] xor: automatically using best checksumming function:
[   12.351524]    avx       : 42656.000 MB/sec
[   12.435296] async_tx: api initialized (async)
[   12.504922] md: raid6 personality registered for level 6
[   12.614244] md: raid5 personality registered for level 5
[   12.655967] md: raid4 personality registered for level 4
[   12.698477] md: raid10 personality registered for level 10
done.
Begin: Running /scripts/init-premount ... done.
Begin: Mounting root file system ... Begin: Running /scripts/local-top ... done.
Begin: Runnin[   12.745840] Btrfs loaded
g /scripts/local-premount ... Scanning for Btrfs filesystems
done.
Warning: fsck not present, so sk[   12.817813] EXT4-fs (sda1): mounted filesystem with ordered data mode. Opts: (null)
ipping root file system
done.
Begin: Running /scripts/local-bottom ... done.
Begin: Running /scripts/init-bottom ... done.
[   12.965480] systemd[1]: systemd 229 running in system mode. (+PAM +AUDIT +SELINUX +IMA +APPARMOR +SMACK +SYSVINIT +UTMP +LIBCRYPTSETUP +GCRYPT +GNUTLS +ACL +XZ -LZ4 +SECCOMP +BLKID +ELFUTILS +KMOD -IDN)
[   13.019216] systemd[1]: Detected virtualization oracle.
[   13.029981] systemd[1]: Detected architecture x86-64.

Welcome to [1mUbuntu 16.04.2 LTS[0m!

[   13.041954] systemd[1]: Set hostname to <ubuntu>.
[   13.049038] systemd[1]: Initializing machine ID from random generator.
[   13.058932] systemd[1]: Installed transient /etc/machine-id file.
[   13.217395] systemd[1]: Created slice System Slice.
[[0;32m  OK  [0m] Created slice System Slice.
[   13.299770] systemd[1]: Listening on LVM2 metadata daemon socket.
[[0;32m  OK  [0m] Listening on LVM2 metadata daemon socket.
[   13.409423] systemd[1]: Reached target Swap.
[[0;32m  OK  [0m] Reached target Swap.
[   13.484270] systemd[1]: Reached target Encrypted Volumes.
[[0;32m  OK  [0m] Reached target Encrypted Volumes.
[   13.598423] systemd[1]: Created slice system-serial\x2dgetty.slice.
[[0;32m  OK  [0m] Created slice system-serial\x2dgetty.slice.
[   13.763909] systemd[1]: Listening on /dev/initctl Compatibility Named Pipe.
[[0;32m  OK  [0m] Listening on /dev/initctl Compatibility Named Pipe.
[   13.892024] systemd[1]: Set up automount Arbitrary Executable File Formats File System Automount Point.
[[0;32m  OK  [0m] Set up automount Arbitrary Executab...ats File System Automount Point.
[   13.972081] systemd[1]: Listening on Journal Socket (/dev/log).
[[0;32m  OK  [0m] Listening on Journal Socket (/dev/log).
[   14.060063] systemd[1]: Reached target User and Group Name Lookups.
[[0;32m  OK  [0m] Reached target User and Group Name Lookups.
[   14.131327] systemd[1]: Listening on udev Control Socket.
[[0;32m  OK  [0m] Listening on udev Control Socket.
[   14.189031] systemd[1]: Listening on Syslog Socket.
[[0;32m  OK  [0m] Listening on Syslog Socket.
[   14.306069] systemd[1]: Created slice User and Session Slice.
[[0;32m  OK  [0m] Created slice User and Session Slice.
[   14.428310] systemd[1]: Reached target Slices.
[[0;32m  OK  [0m] Reached target Slices.
[   14.520318] systemd[1]: Listening on LVM2 poll daemon socket.
[[0;32m  OK  [0m] Listening on LVM2 poll daemon socket.
[   14.599966] systemd[1]: Listening on Device-mapper event daemon FIFOs.
[[0;32m  OK  [0m] Listening on Device-mapper event daemon FIFOs.
[   14.677070] systemd[1]: Started Forward Password Requests to Wall Directory Watch.
[[0;32m  OK  [0m] Started Forward Password Requests to Wall Directory Watch.
[   14.839909] systemd[1]: Listening on Journal Socket.
[[0;32m  OK  [0m] Listening on Journal Socket.
[   14.896349] systemd[1]: Mounting POSIX Message Queue File System...
         Mounting POSIX Message Queue File System...
[   14.985853] systemd[1]: Mounting Huge Pages File System...
         Mounting Huge Pages File System...
[   15.090201] systemd[1]: Starting Set console keymap...
         Startin[   15.155535] random: nonblocking pool is initialized
g Set console keymap...
[   15.212727] systemd[1]: Starting Create list of required static device nodes for the current kernel...
         Starting Create list of required st... nodes for the current kernel...
[   15.407984] systemd[1]: Starting Monitoring of LVM2 mirrors, snapshots etc. using dmeventd or progress polling...
         Starting Monitoring of LVM2 mirrors... dmeventd or progress polling...
[   15.600062] systemd[1]: Starting Uncomplicated firewall...
         Starting Uncomplicated firewall...
[   15.740164] systemd[1]: Mounting Debug File System...
         Mounting Debug File System...
[   15.811200] systemd[1]: Starting Remount Root and Kernel File Systems...
[   15.815030] EXT4-fs (sda1): re-mounted. Opts: (null)
         Starting Remount Root and Kernel File Systems...
[   15.996310] systemd[1]: Starting Nameserver information manager...
         Starting Nameserver information manager...
[   16.136087] systemd[1]: Listening on Journal Audit Socket.
[[0;32m  OK  [0m] Listening on Journal Audit Socket.
[   16.268213] systemd[1]: Starting Journal Service...
         Starting Journal Service...
[   16.323862] systemd[1]: Listening on udev Kernel Socket.
[[0;32m  OK  [0m] Listening on udev Kernel Socket.
[   16.435893] systemd[1]: Starting Load Kernel Modules...
[   16.460924] Loading iSCSI transport class v2.0-870.
         Starting Load Kernel Mo[   16.492832] iscsi: registered transport (tcp)
dules...
[   16.532756] systemd[1]: Mounted Debug File System.
[[0;32m  OK  [0m] Mounted Debug File System.
[   16.557630] iscsi: registered transport (iser)
[   16.587871] systemd[1]: Mounted POSIX Message Queue File System.
[[0;32m  OK  [0m] Mounted POSIX Message Queue File System.
[   16.660199] systemd[1]: Mounted Huge Pages File System.
[[0;32m  OK  [0m] Mounted Huge Pages File System.
[   16.724314] systemd[1]: Started Journal Service.
[[0;32m  OK  [0m] Started Journal Service.
[[0;32m  OK  [0m] Started Set console keymap.
[[0;32m  OK  [0m] Started Create list of required sta...ce nodes for the current kernel.
[[0;32m  OK  [0m] Started Uncomplicated firewall.
[[0;32m  OK  [0m] Started Remount Root and Kernel File Systems.
[[0;32m  OK  [0m] Started Load Kernel Modules.
[[0;32m  OK  [0m] Started Nameserver information manager.
[[0;32m  OK  [0m] Started LVM2 metadata daemon.
         Mounting FUSE Control File System...
         Starting Apply Kernel Variables...
         Starting Initial cloud-init job (pre-networking)...
         Starting udev Coldplug all Devices...
         Starting Load/Save Random Seed...
         Starting Create Static Device Nodes in /dev...
         Starting Flush Journal to Persistent Storage...
[[0;32m  OK  [0m] Mounted FUSE Control File System.
[[0;32m  OK  [0m] Started Apply Kernel Variables.
[[0;32m  OK  [0m] Started Monitoring of LVM2 mirrors,...ng dmeventd or progress polling.
[[0;32m  OK  [0m] Started Load/Save Random Seed.
[[0;32m  OK  [0m] Started Create Static Device Nodes in /dev.
[[0;32m  OK  [0m] Started udev Coldplug all Devices.
[[0;32m  OK  [0m] Started Flush Journal to Persistent Storage.
         Starting udev Kernel Device Manager...
[[0;32m  OK  [0m] Started udev Kernel Device Manager.
[[0;32m  OK  [0m] Reached target Local File Systems (Pre).
[[0;32m  OK  [0m] Reached target Local File Systems.
         Starting Tell Plymouth To Write Out Runtime Data...
         Starting LSB: AppArmor initialization...
         Starting Commit a transient machine-id on disk...
         Starting Create Volatile Files and Directories...
         Starting Set console font and keymap...
[[0;32m  OK  [0m] Started Dispatch Password Requests to Console Directory Watch.
[[0;32m  OK  [0m] Started Tell Plymouth To Write Out Runtime Data.
[[0;32m  OK  [0m] Started Commit a transient machine-id on disk.
[[0;32m  OK  [0m] Started Create Volatile Files and Directories.
[[0;32m  OK  [0m] Found device /dev/ttyS0.
[[0;32m  OK  [0m] Reached target System Time Synchronized.
         Starting Update UTMP about System Boot/Shutdown...
[[0;32m  OK  [0m] Started Update UTMP about System Boot/Shutdown.
[[0;32m  OK  [0m] Listening on Load/Save RF Kill Switch Status /dev/rfkill Watch.
[   17.650867] cloud-init[494]: Cloud-init v. 0.7.9 running 'init-local' at Wed, 15 Mar 2017 07:35:39 +0000. Up 16.84 seconds.
[[0;32m  OK  [0m] Started LSB: AppArmor initialization.
[[0;32m  OK  [0m] Started Initial cloud-init job (pre-networking).
[[0;32m  OK  [0m] Reached target Network (Pre).
         Starting Raise network interfaces...
[[0;32m  OK  [0m] Started Set console font and keymap.
[[0;32m  OK  [0m] Created slice system-getty.slice.
[[0;32m  OK  [0m] Started Raise network interfaces.
         Starting Initial cloud-init job (metadata service crawler)...
[[0;32m  OK  [0m] Reached target Network.
[   20.704838] cloud-init[1099]: Cloud-init v. 0.7.9 running 'init' at Wed, 15 Mar 2017 07:35:42 +0000. Up 20.00 seconds.
[[0;32m  OK  [0m] Started Initial cloud-init job (metadata service crawler).
[   20.801143] [cloud-init[0;32m  OK  [0m[1099]: ] ci-info: ++++++++++++++++++++++++++++++++++++++Net device info++++++++++++++++++++++++++++++++++++++Reached target Network is Online.

[   20.855384] cloud-init[1099]: ci-info: +--------+-------+----------------------------+---------------+-------+-------------------+
[   21.004506]          cloud-initStarting iSCSI initiator daemon (iscsid)...[1099]: 
ci-info: | Device |   Up  |          Address           |      Mask     | Scope |     Hw-Address    |
[   21.136739] [cloud-init[0;32m  OK  [0m[1099]: ] ci-info: +--------+-------+----------------------------+---------------+-------+-------------------+Reached target System Initialization.

[   21.264134] [cloud-init[0;32m  OK  [0m[1099]: ] ci-info: | enp0s8 | False |             .              |       .       |   .   | 08:00:27:74:69:4a |Listening on UUID daemon activation socket.

[[0;32m  OK  [0m] Started Daily Cleanup of Temporary Directories.
[   21.264735] cloud-init[1099]: ci-info: | enp0s3 |  True |         10.0.2.15          | 255.255.255.0 |   .   | 02:43:fc:58:af:9d |
[   21.540614] [cloud-init[0;32m  OK  [0m[1099]: ] ci-info: | enp0s3 |  True | fe80::43:fcff:fe58:af9d/64 |       .       |  link | 02:43:fc:58:af:9d |Started Daily apt activities.

[[0;32m  OK  [0m] Listening on D-Bus System Message Bus Socket.
[[0;32m  OK  [0m] Started Timer to automatically refresh installed snaps.
[[0;32m  OK  [0m] Reached target Timers.
[   21.541124] cloud-init[1099]: ci-info: |   lo   |  True |         127.0.0.1          |   255.0.0.0   |   .   |         .         |
         Starting LXD - unix socket.
[[0;32m  OK  [0m] Started Trigger resolvconf update for networkd DNS.
[   21.936057] cloud-init[1099]: ci-info: |   lo   |  True |          ::1/128           |       .       |  host |         .         |
[   22.176623] [cloud-init[0;32m  OK  [0m[1099]: ] ci-info: +--------+-------+----------------------------+---------------+-------+-------------------+Listening on ACPID Listen Socket.

         Starting Socket activation for snappy daemon.
[   22.177266] cloud-init[1099]: ci-info: +++++++++++++++++++++++++++Route IPv4 info++++++++++++++++++++++++++++
[   22.420586] [cloud-init[0;32m  OK  [0m[1099]: ] ci-info: +-------+-------------+----------+---------------+-----------+-------+Started ACPI Events Check.

[   22.538525] [cloud-init[0;32m  OK  [0m[1099]: ] ci-info: | Route | Destination | Gateway  |    Genmask    | Interface | Flags |Reached target Paths.

[   22.649674] [cloud-init[0;32m  OK  [0m[1099]: ] ci-info: +-------+-------------+----------+---------------+-----------+-------+Reached target Cloud-config availability.

[   22.742703] [cloud-init[0;32m  OK  [0m[1099]: ] ci-info: |   0   |   0.0.0.0   | 10.0.2.2 |    0.0.0.0    |   enp0s3  |   UG  |Listening on LXD - unix socket.

[   22.814245] [cloud-init[0;32m  OK  [0m[1099]: ] ci-info: |   1   |   10.0.2.0  | 0.0.0.0  | 255.255.255.0 |   enp0s3  |   U   |Listening on Socket activation for snappy daemon.

[   22.908424] [cloud-init[0;32m  OK  [0m[1099]: ] ci-info: +-------+-------------+----------+---------------+-----------+-------+Started iSCSI initiator daemon (iscsid).

[   22.908949] cloud-init[1099]: Generating public/private rsa key pair.
         Starting Login to default iSCSI targets...
[   23.033375] cloud-init[1099]: Your identification has been saved in /etc/ssh/ssh_host_rsa_key.
[   23.129103] [cloud-init[0;32m  OK  [0m[1099]: ] Your public key has been saved in /etc/ssh/ssh_host_rsa_key.pub.Reached target Sockets.

[[0;32m  OK  [0m] Reached target Basic System.
[   23.129672] cloud-init[1099]: The key fingerprint is:
[   23.268193] [cloud-init[0;32m  OK  [0m[1099]: ] SHA256:XjX3DmZF7+2JLG5G4WkTJD7ARQtK8cHTmFuCnB3FMVo root@ubuntu-xenialStarted FUSE filesystem for LXC.

[   23.268951] cloud-init[1099]: The key's randomart image is:
[   23.420796]          cloud-initStarting Accounts Service...[1099]: 
+---[RSA 2048]----+
[   23.472613] [cloud-init[0;32m  OK  [0m[1099]: ] |    .oB+XE.     .|Started Regular background program processing daemon.

[   23.473399] cloud-init[1099]: |    .+oX==o.   ..|
[   23.576562] [cloud-init[0;32m  OK  [0m[1099]: ] |     . oB.o o . o|Started D-Bus System Message Bus.

[   23.577223] cloud-init[1099]: |       . o + o +.|
[   23.651441]          cloud-initStarting LSB: Record successful boot for GRUB...[1099]: 
|        S + + + +|
[   23.672180] [cloud-init[0;32m  OK  [0m[1099]: ] |       . . *.o.+.|Started Snappy daemon.

[   23.716537]          cloud-initStarting Apply the settings specified in cloud-config...[1099]: 
|        . o..o .o|
         Starting Pollinate to seed the pseudo random number generator...
[   23.863791] cloud-init[1099]: |          .o.    |
[   23.885851] cloud-init[1099]: |          o.     |
[   23.897301] cloud-init[1099]: +----[SHA256]-----+
[   23.914203]          cloud-initStarting /etc/rc.local Compatibility...[1099]: 
Generating public/private dsa key pair.
         Starting Login Service...
[   23.935851] cloud-init[1099]: Your identification has been saved in /etc/ssh/ssh_host_dsa_key.
[   23.949362]          cloud-initStarting LSB: MD monitoring daemon...[1099]: 
Your public key has been saved in /etc/ssh/ssh_host_dsa_key.pub.
[   23.964725] [cloud-init[0;32m  OK  [0m[1099]: ] The key fingerprint is:Started ACPI event daemon.

[   23.980525] [cloud-init[0;32m  OK  [0m[1099]: ] SHA256:PYPCNID6bBRv6SuWlxSJXEX1aAajA4we5vWfOs+7NEg root@ubuntu-xenialStarted Deferred execution scheduler.

[   23.981004] cloud-init[1099]: The key's randomart image is:
[   24.012683] cloud-init[1099]: +---[DSA 1024]----+
[   24.028296]          cloud-initStarting Auto import assertions from block devices...[1099]: 
| o...o=..        |
[   24.068727] cloud-init[1099]: |.o+o.o o o       |
[   24.074676]          cloud-initStarting System Logging Service...[1099]: 
|+oo=+oo + .      |
[   24.080033] cloud-init[1099]: |.o+ *= + o       |
[   24.089383] cloud-init[1099]: | + o E+ S +      |
         Starting LXD - container startup/shutdown...
[   24.116454] cloud-init[1099]: |  + + .+   o     |
[[0;32m  OK  [0m] Started System Logging Service.
[   24.168958] cloud-init[1099]: | . o +.o         |
[   24.213081] [cloud-init[0;32m  OK  [0m[1099]: ] |  + +oo .        |Started /etc/rc.local Compatibility.

[   24.213436] cloud-init[1099]: | . o  o=o        |
[   24.268544] [cloud-init[0;32m  OK  [0m[1099]: ] +----[SHA256]-----+Started Auto import assertions from block devices.

[   24.270368] cloud-init[1099]: Generating public/private ecdsa key pair.
[   24.408260] [cloud-init[0;32m  OK  [0m[1099]: ] Your identification has been saved in /etc/ssh/ssh_host_ecdsa_key.Started LXD - container startup/shutdown.

[   24.408617] cloud-init[1099]: Your public key has been saved in /etc/ssh/ssh_host_ecdsa_key.pub.
[   24.685981] [cloud-init[0;32m  OK  [0m[1099]: ] The key fingerprint is:Started LSB: Record successful boot for GRUB.

[   24.686399] cloud-init[1099]: SHA256:2aNuI/7CaNtZDF5bAkM+kYzXes4s00vFFRdgjoKJfRE root@ubuntu-xenial
[   24.792398] [cloud-init[0;32m  OK  [0m[1099]: ] The key's randomart image is:Started Login to default iSCSI targets.

[   24.792880] cloud-init[1099]: +---[ECDSA 256]---+
[   24.848833] cloud-init[1099]: |     oooE.  +oo. |
[   24.872406] cloud-init[1099]: |    .=++.. +..   |
[[0;32m  OK  [0m] Started LSB: MD monitoring daemon.
[   24.905017] cloud-init[1099]: |    ..O.o....    |
         Starting Authenticate and Authorize Users to Run Privileged Tasks...
[   24.952509] cloud-init[1099]: |      .=.+o      |
[[0;32m  OK  [0m] Reached target Remote File Systems (Pre).
[   25.024913] cloud-init[1099]: |      .*S.+      |
[[0;32m  OK  [0m] Reached target Remote File Systems.
[   25.056577] cloud-init[1099]: |     .o+*= .     |
         Starting LSB: automatic crash report generation...
[   25.108384] cloud-init[1099]: |     o.+=.       |
[   25.184850]          Starting Permit User Sessions...
cloud-init[1099]: |    o.+++        |
         Starting LSB: VirtualBox Linux Additions...
[   25.262162] cloud-init[1099]: |   ..o+=o.       |
[   25.341220]          Starting LSB: daemon to balance interrupts for SMP systems...
cloud-init[1099]: +----[SHA256]-----+
[   25.396518]          cloud-initStarting LSB: Set the CPU Frequency Scaling governor to "ondemand"...[1099]: 
Generating public/private ed25519 key pair.
[   25.484580] [cloud-init[0;32m  OK  [0m[1099]: ] Your identification has been saved in /etc/ssh/ssh_host_ed25519_key.Started Pollinate to seed the pseudo random number generator.

[   25.580356] [cloud-init[0;32m  OK  [0m[1099]: ] Your public key has been saved in /etc/ssh/ssh_host_ed25519_key.pub.Started Permit User Sessions.

[   25.580799] cloud-init[1099]: The key fingerprint is:
[   25.652390] [cloud-init[0;32m  OK  [0m[1099]: ] SHA256:/7pcwdvqJI6lk7wI8eziX1wCc8pyzLFsDI6SrHhCwoo root@ubuntu-xenialStarted Login Service.

[   25.653347] cloud-init[1099]: The key's randomart image is:
[   25.752557] [cloud-init[0;32m  OK  [0m[1099]: ] +--[ED25519 256]--+Started Authenticate and Authorize Users to Run Privileged Tasks.

[   25.776041] cloud-init[1099]: |                 |
[[0;32m  OK  [0m] Started Accounts Service.
[   25.776951] cloud-init[1099]: |                 |
[   25.868545] cloud-init[1099]: |    . + .        |
[   25.889202] [cloud-init[0;32m  OK  [0m[1099]: ] Started LSB: automatic crash report generation.|o. o B B   .     |

[   25.981255]          cloud-initStarting Hold until boot process finishes up...[1099]: 
|++. + @ S . o    |
[   26.000550] cloud-init[1099]: |B.   B . +   +   |
         Starting Terminate Plymouth Boot Screen...
[   26.001099] cloud-init[1099]: |E . . o.o.+ + .  |
[   26.116285]          cloud-initStarting OpenBSD Secure Shell server...[1099]: 
| o  .o o+* = .   |
[   26.173090] [cloud-init[0;32m  OK  [0m[1099]: ] |   ..o+ +o=++    |Started OpenBSD Secure Shell server.

[   26.320658] cloud-init[1099]: +----[SHA256]-----+
[[0;32m  OK  [0m] Started LSB: VirtualBox Linux Additions.
[[   26.342229] [0;32m  OK  [0mcloud-init] [1217]: Started LSB: daemon to balance interrupts for SMP systems.Generating locales (this might take a while)...

[   26.564691] [cloud-init[0;32m  OK  [0m[1217]: ]   en_US.UTF-8... doneStarted LSB: Set the CPU Frequency Scaling governor to "ondemand".

[   26.564985] cloud-init[1217]: Generation complete.
[[0;32m  OK  [0m] Started Hold until boot process finishes up.
[[0;32m  OK  [0m] Started Terminate Plymouth Boot Screen.
         Stopping OpenBSD Secure Shell server...
[[0;32m  OK  [0m] Started Serial Getty on ttyS0.
[[0;32m  OK  [0m] Started Getty on tty1.
[[0;32m  OK  [0m] Reached target Login Prompts.
         Starting Set console scheme...
[[0;32m  OK  [0m] Stopped OpenBSD Secure Shell server.
[[0;32m  OK  [0m] Started Set console scheme.
         Starting OpenBSD Secure Shell server...
[[0;32m  OK  [0m] Started OpenBSD Secure Shell server.
[[0;32m  OK  [0m] Reached target Multi-User System.
[[0;32m  OK  [0m] Reached target Graphical Interface.
         Starting Update UTMP about System Runlevel Changes...
[[0;32m  OK  [0m] Started Update UTMP about System Runlevel Changes.
[[0;32m  OK  [0m] Created slice User Slice of ubuntu.
         Starting User Manager for UID 1000...
[[0;32m  OK  [0m] Started Session 1 of user ubuntu.
[[0;32m  OK  [0m] Started User Manager for UID 1000.
[   27.733848] cloud-init[1217]: Cloud-init v. 0.7.9 running 'modules:config' at Wed, 15 Mar 2017 07:35:46 +0000. Up 24.19 seconds.
[[0;32m  OK  [0m] Started Apply the settings specified in cloud-config.
         Starting Execute cloud user/final scripts...
ci-info: no authorized ssh keys fingerprints found for user ubuntu.
<14>Mar 15 07:35:51 ec2: 
<14>Mar 15 07:35:51 ec2: #############################################################
<14>Mar 15 07:35:51 ec2: -----BEGIN SSH HOST KEY FINGERPRINTS-----
<14>Mar 15 07:35:51 ec2: 1024 SHA256:PYPCNID6bBRv6SuWlxSJXEX1aAajA4we5vWfOs+7NEg root@ubuntu-xenial (DSA)
<14>Mar 15 07:35:51 ec2: 256 SHA256:2aNuI/7CaNtZDF5bAkM+kYzXes4s00vFFRdgjoKJfRE root@ubuntu-xenial (ECDSA)
<14>Mar 15 07:35:51 ec2: 256 SHA256:/7pcwdvqJI6lk7wI8eziX1wCc8pyzLFsDI6SrHhCwoo root@ubuntu-xenial (ED25519)
<14>Mar 15 07:35:51 ec2: 2048 SHA256:XjX3DmZF7+2JLG5G4WkTJD7ARQtK8cHTmFuCnB3FMVo root@ubuntu-xenial (RSA)
<14>Mar 15 07:35:51 ec2: -----END SSH HOST KEY FINGERPRINTS-----
<14>Mar 15 07:35:51 ec2: #############################################################
-----BEGIN SSH HOST KEY KEYS-----
ecdsa-sha2-nistp256 AAAAE2VjZHNhLXNoYTItbmlzdHAyNTYAAAAIbmlzdHAyNTYAAABBBPnL4VjUz5EGnv7KWqNNx1AOzNUXP4WmgPRnDaTIE2w+ah+vST6lh6SpMZxahF0QE2Ah7aLFVFwF5nyU85WZXSs= root@ubuntu-xenial
ssh-ed25519 AAAAC3NzaC1lZDI1NTE5AAAAIDpZZiPT9z1MXPf+YHpSY+PgAZUq4lenaxJwLex+zlh/ root@ubuntu-xenial
ssh-rsa AAAAB3NzaC1yc2EAAAADAQABAAABAQD4oH8jk5We2aD4iqUQMYsgZIVGTvhTNE3dDYK+xWog7OzQdwxDGIiYye6qo1QO/wEzcduFrvIC9r1Pb9mDi8vQIjg/Qaj2sFTwoO5LjqjZpTOpGjiDFk4I93FiEO2o1R2lhlzOy40cyLZsjFBybchfVUpknnlMNyJqlK4ndKA5BZZykpmzxMSW2xazI9WLNflNJpg3aCKnnQW9bu7Xv3Q6JnwLNI2EcJNne8A5ftC91/QtpISi6QMsvzfUJ58Mr2ZrV2K70q97Y72BMWCeUZZluXHtDsbKq6pzh7C3A0lhnf8/0D8uMm9dKshros7VB/L4ixFLAFXpK8X9hOqsc1Fd root@ubuntu-xenial
-----END SSH HOST KEY KEYS-----
[   29.677547] cloud-init[1482]: Cloud-init v. 0.7.9 running 'modules:final' at Wed, 15 Mar 2017 07:35:51 +0000. Up 28.80 seconds.
[   29.808116] cloud-init[1482]: ci-info: no authorized ssh keys fingerprints found for user ubuntu.
[[   29.837140] cloud-init[1482]: Cloud-init v. 0.7.9 finished at Wed, 15 Mar 2017 07:35:51 +0000. Datasource DataSourceNoCloud [seed=/dev/sdb][dsmode=net].  Up 29.65 seconds
[0;32m  OK  [0m] Started Execute cloud user/final scripts.
[[0;32m  OK  [0m] Reached target Cloud-init target.

Ubuntu 16.04.2 LTS ubuntu-xenial ttyS0

ubuntu-xenial login: 